> Task :pipeline-artefacts-local:checkKotlinGradlePluginConfigurationErrors SKIPPED
> Task :pipeline-application:checkKotlinGradlePluginConfigurationErrors SKIPPED
> Task :pipeline-step-sdk:processor:checkKotlinGradlePluginConfigurationErrors SKIPPED
> Task :pipeline-step-sdk:api:checkKotlinGradlePluginConfigurationErrors SKIPPED
> Task :pipeline-domain:checkKotlinGradlePluginConfigurationErrors SKIPPED
> Task :pipeline-credentials-api:checkKotlinGradlePluginConfigurationErrors SKIPPED
> Task :pipeline-events:checkKotlinGradlePluginConfigurationErrors SKIPPED
> Task :pipeline-scripting-api:checkKotlinGradlePluginConfigurationErrors SKIPPED
> Task :pipeline-architecture-tests:checkKotlinGradlePluginConfigurationErrors SKIPPED
> Task :pipeline-step-sdk:runtime:checkKotlinGradlePluginConfigurationErrors SKIPPED
> Task :pipeline-credentials-executor:checkKotlinGradlePluginConfigurationErrors SKIPPED
> Task :pipeline-credentials-multipart:checkKotlinGradlePluginConfigurationErrors SKIPPED
> Task :pipeline-event-harness:checkKotlinGradlePluginConfigurationErrors SKIPPED
> Task :pipeline-credentials-local:checkKotlinGradlePluginConfigurationErrors SKIPPED
> Task :pipeline-scripting-kotlin24:checkKotlinGradlePluginConfigurationErrors SKIPPED
> Task :pipeline-step-sdk:scm-git:checkKotlinGradlePluginConfigurationErrors SKIPPED
> Task :pipeline-step-sdk:files:checkKotlinGradlePluginConfigurationErrors SKIPPED
> Task :pipeline-artefacts-local:processResources NO-SOURCE
> Task :pipeline-step-sdk:api:processResources NO-SOURCE
> Task :pipeline-credentials-api:processResources NO-SOURCE
> Task :pipeline-credentials-local:processResources NO-SOURCE
> Task :pipeline-event-harness:processResources NO-SOURCE
> Task :pipeline-application:processResources NO-SOURCE
> Task :pipeline-events:processResources NO-SOURCE
> Task :pipeline-binding-factory:checkKotlinGradlePluginConfigurationErrors SKIPPED
> Task :pipeline-step-sdk:scm-git:processResources NO-SOURCE
> Task :pipeline-step-sdk:processor:processResources UP-TO-DATE
> Task :pipeline-credentials-executor:processResources UP-TO-DATE
> Task :pipeline-credentials-multipart:processResources NO-SOURCE
> Task :pipeline-testkit:runtimeClasspathCapture UP-TO-DATE
> Task :pipeline-step-sdk:files:processResources NO-SOURCE
> Task :pipeline-scripting-kotlin24:processResources NO-SOURCE
> Task :pipeline-architecture-tests:compileKotlin NO-SOURCE
> Task :pipeline-step-sdk:api:runtimeClasspathCapture UP-TO-DATE
> Task :pipeline-step-sdk:processor:runtimeClasspathCapture UP-TO-DATE
> Task :pipeline-events:runtimeClasspathCapture UP-TO-DATE
> Task :pipeline-scripting-api:processResources NO-SOURCE
> Task :pipeline-step-sdk:runtime:runtimeClasspathCapture UP-TO-DATE
> Task :pipeline-application:runtimeClasspathCapture UP-TO-DATE
> Task :pipeline-binding-factory:processResources UP-TO-DATE
> Task :pipeline-scripting-api:runtimeClasspathCapture UP-TO-DATE
> Task :pipeline-architecture-tests:compileJava NO-SOURCE
> Task :pipeline-scripting-kotlin24:runtimeClasspathCapture UP-TO-DATE
> Task :pipeline-architecture-tests:processResources NO-SOURCE
> Task :pipeline-architecture-tests:classes UP-TO-DATE
> Task :pipeline-binding-factory:runtimeClasspathCapture UP-TO-DATE
> Task :pipeline-architecture-tests:jar UP-TO-DATE
> Task :pipeline-architecture-tests:processTestResources NO-SOURCE
> Task :pipeline-domain:compileKotlin UP-TO-DATE
> Task :pipeline-domain:compileJava NO-SOURCE
> Task :pipeline-domain:processResources NO-SOURCE
> Task :pipeline-domain:classes UP-TO-DATE
> Task :pipeline-domain:jar UP-TO-DATE
> Task :pipeline-domain:runtimeClasspathCapture UP-TO-DATE
> Task :pipeline-scripting-api:compileKotlin UP-TO-DATE
> Task :pipeline-scripting-api:compileJava NO-SOURCE
> Task :pipeline-scripting-api:classes UP-TO-DATE
> Task :pipeline-scripting-api:jar UP-TO-DATE
> Task :pipeline-events:compileKotlin UP-TO-DATE
> Task :pipeline-step-sdk:api:compileKotlin UP-TO-DATE
> Task :pipeline-events:compileJava NO-SOURCE
> Task :pipeline-step-sdk:api:compileJava NO-SOURCE
> Task :pipeline-step-sdk:api:classes UP-TO-DATE
> Task :pipeline-events:classes UP-TO-DATE
> Task :pipeline-step-sdk:api:jar UP-TO-DATE
> Task :pipeline-events:jar UP-TO-DATE
> Task :pipeline-step-sdk:processor:compileKotlin UP-TO-DATE
> Task :pipeline-binding-factory:compileKotlin UP-TO-DATE
> Task :pipeline-credentials-api:compileKotlin UP-TO-DATE
> Task :pipeline-step-sdk:processor:compileJava NO-SOURCE
> Task :pipeline-step-sdk:processor:classes UP-TO-DATE
> Task :pipeline-binding-factory:compileJava NO-SOURCE
> Task :pipeline-credentials-api:compileJava NO-SOURCE
> Task :pipeline-credentials-api:classes UP-TO-DATE
> Task :pipeline-scripting-kotlin24:compileKotlin UP-TO-DATE
> Task :pipeline-binding-factory:classes UP-TO-DATE
> Task :pipeline-step-sdk:processor:jar UP-TO-DATE
> Task :pipeline-credentials-api:jar UP-TO-DATE
> Task :pipeline-binding-factory:jar UP-TO-DATE
> Task :pipeline-scripting-kotlin24:compileJava NO-SOURCE
> Task :pipeline-scripting-kotlin24:classes UP-TO-DATE
> Task :pipeline-event-harness:compileKotlin UP-TO-DATE
> Task :pipeline-scripting-kotlin24:jar UP-TO-DATE
> Task :pipeline-event-harness:compileJava NO-SOURCE
> Task :pipeline-event-harness:classes UP-TO-DATE
> Task :pipeline-event-harness:jar UP-TO-DATE
> Task :pipeline-credentials-executor:compileKotlin UP-TO-DATE
> Task :pipeline-credentials-executor:compileJava NO-SOURCE
> Task :pipeline-credentials-multipart:compileKotlin UP-TO-DATE
> Task :pipeline-credentials-executor:classes UP-TO-DATE
> Task :pipeline-step-sdk:runtime:kspKotlin UP-TO-DATE
> Task :pipeline-credentials-executor:jar UP-TO-DATE
> Task :pipeline-credentials-local:compileKotlin UP-TO-DATE
> Task :pipeline-credentials-multipart:compileJava NO-SOURCE
> Task :pipeline-credentials-multipart:classes UP-TO-DATE
> Task :pipeline-credentials-local:compileJava NO-SOURCE
> Task :pipeline-credentials-local:classes UP-TO-DATE
> Task :pipeline-credentials-multipart:jar UP-TO-DATE
> Task :pipeline-credentials-local:jar UP-TO-DATE
> Task :pipeline-step-sdk:runtime:compileKotlin UP-TO-DATE
> Task :pipeline-step-sdk:runtime:compileJava NO-SOURCE
> Task :pipeline-step-sdk:runtime:processResources UP-TO-DATE
> Task :pipeline-step-sdk:runtime:classes UP-TO-DATE
> Task :pipeline-step-sdk:runtime:jar UP-TO-DATE
> Task :pipeline-step-sdk:scm-git:compileKotlin UP-TO-DATE
> Task :pipeline-step-sdk:files:compileKotlin UP-TO-DATE
> Task :pipeline-step-sdk:scm-git:compileJava NO-SOURCE
> Task :pipeline-step-sdk:files:compileJava NO-SOURCE
> Task :pipeline-step-sdk:scm-git:classes UP-TO-DATE
> Task :pipeline-artefacts-local:compileKotlin UP-TO-DATE
> Task :pipeline-step-sdk:scm-git:jar UP-TO-DATE
> Task :pipeline-step-sdk:files:classes UP-TO-DATE
> Task :pipeline-artefacts-local:compileJava NO-SOURCE
> Task :pipeline-step-sdk:files:jar UP-TO-DATE
> Task :pipeline-artefacts-local:classes UP-TO-DATE
> Task :pipeline-artefacts-local:jar UP-TO-DATE
> Task :pipeline-application:compileKotlin UP-TO-DATE
> Task :pipeline-application:compileJava NO-SOURCE
> Task :pipeline-application:classes UP-TO-DATE
> Task :pipeline-application:jar UP-TO-DATE
> Task :pipeline-architecture-tests:compileTestKotlin UP-TO-DATE
> Task :pipeline-architecture-tests:compileTestJava NO-SOURCE
> Task :pipeline-architecture-tests:testClasses UP-TO-DATE
> Task :pipeline-architecture-tests:test

Lfc0GlobalStateFitnessTest > production code does not access the controller user directory property() FAILED
    org.opentest4j.AssertionFailedError at Lfc0GlobalStateFitnessTest.kt:44

252 tests completed, 1 failed

> Task :pipeline-architecture-tests:test FAILED

FAILURE: Build failed with an exception.

* What went wrong:
Execution failed for task ':pipeline-architecture-tests:test'.
> There were failing tests. See the report at: file:///var/home/rubentxu/Proyectos/kotlin/pipeline-kotlin/v2/pipeline-architecture-tests/build/reports/tests/test/index.html

* Try:
> Run with --scan to get full insights.

BUILD FAILED in 1m 15s
52 actionable tasks: 1 executed, 51 up-to-date
